Traceback (most recent call last):
  File "/Users/matthew/Desktop/Job Search/Take-Homes/Daylight/manage.py", line 22, in <module>
    main()
    ~~~~^^
  File "/Users/matthew/Desktop/Job Search/Take-Homes/Daylight/manage.py", line 18, in main
    execute_from_command_line(sys.argv)
    ~~~~~~~~~~~~~~~~~~~~~~~~~^^^^^^^^^^
  File "/Users/matthew/Desktop/Job Search/Take-Homes/Daylight/venv/lib/python3.14/site-packages/django/core/management/__init__.py", line 442, in execute_from_command_line
    utility.execute()
    ~~~~~~~~~~~~~~~^^
  File "/Users/matthew/Desktop/Job Search/Take-Homes/Daylight/venv/lib/python3.14/site-packages/django/core/management/__init__.py", line 416, in execute
    django.setup()
    ~~~~~~~~~~~~^^
  File "/Users/matthew/Desktop/Job Search/Take-Homes/Daylight/venv/lib/python3.14/site-packages/django/__init__.py", line 24, in setup
    apps.populate(settings.INSTALLED_APPS)
    ~~~~~~~~~~~~~^^^^^^^^^^^^^^^^^^^^^^^^^
  File "/Users/matthew/Desktop/Job Search/Take-Homes/Daylight/venv/lib/python3.14/site-packages/django/apps/registry.py", line 91, in populate
    app_config = AppConfig.create(entry)
  File "/Users/matthew/Desktop/Job Search/Take-Homes/Daylight/venv/lib/python3.14/site-packages/django/apps/config.py", line 193, in create
    import_module(entry)
    ~~~~~~~~~~~~~^^^^^^^
  File "/opt/homebrew/Cellar/python@3.14/3.14.2_1/Frameworks/Python.framework/Versions/3.14/lib/python3.14/importlib/__init__.py", line 88, in import_module
    return _bootstrap._gcd_import(name[level:], package, level)
           ~~~~~~~~~~~~~~~~~~~~~~^^^^^^^^^^^^^^^^^^^^^^^^^^^^^^
  File "<frozen importlib._bootstrap>", line 1398, in _gcd_import
  File "<frozen importlib._bootstrap>", line 1371, in _find_and_load
  File "<frozen importlib._bootstrap>", line 1314, in _find_and_load_unlocked
  File "<frozen importlib._bootstrap>", line 491, in _call_with_frames_removed
  File "<frozen importlib._bootstrap>", line 1398, in _gcd_import
  File "<frozen importlib._bootstrap>", line 1371, in _find_and_load
  File "<frozen importlib._bootstrap>", line 1342, in _find_and_load_unlocked
  File "<frozen importlib._bootstrap>", line 938, in _load_unlocked
  File "<frozen importlib._bootstrap_external>", line 759, in exec_module
  File "<frozen importlib._bootstrap>", line 491, in _call_with_frames_removed
  File "/Users/matthew/Desktop/Job Search/Take-Homes/Daylight/venv/lib/python3.14/site-packages/strawberry/__init__.py", line 7, in <module>
    from . import experimental, federation, relay
  File "/Users/matthew/Desktop/Job Search/Take-Homes/Daylight/venv/lib/python3.14/site-packages/strawberry/federation/__init__.py", line 7, in <module>
    from .schema import Schema
  File "/Users/matthew/Desktop/Job Search/Take-Homes/Daylight/venv/lib/python3.14/site-packages/strawberry/federation/schema.py", line 22, in <module>
    from strawberry.schema import Schema as BaseSchema
  File "/Users/matthew/Desktop/Job Search/Take-Homes/Daylight/venv/lib/python3.14/site-packages/strawberry/schema/__init__.py", line 2, in <module>
    from .schema import Schema
  File "/Users/matthew/Desktop/Job Search/Take-Homes/Daylight/venv/lib/python3.14/site-packages/strawberry/schema/schema.py", line 29, in <module>
    from strawberry import relay
  File "/Users/matthew/Desktop/Job Search/Take-Homes/Daylight/venv/lib/python3.14/site-packages/strawberry/relay/__init__.py", line 1, in <module>
    from .fields import ConnectionExtension, NodeExtension, connection, node
  File "/Users/matthew/Desktop/Job Search/Take-Homes/Daylight/venv/lib/python3.14/site-packages/strawberry/relay/fields.py", line 49, in <module>
    from .types import Connection, GlobalID, Node, NodeIterableType, NodeType
  File "/Users/matthew/Desktop/Job Search/Take-Homes/Daylight/venv/lib/python3.14/site-packages/strawberry/relay/types.py", line 344, in <module>
    class Node:
    ...<273 lines>...
            return next(iter(cast(Iterable[Self], retval)))
  File "/Users/matthew/Desktop/Job Search/Take-Homes/Daylight/venv/lib/python3.14/site-packages/strawberry/relay/types.py", line 381, in Node
    @field(name="id", description="The Globally Unique ID of this object")
     ~~~~~^^^^^^^^^^^^^^^^^^^^^^^^^^^^^^^^^^^^^^^^^^^^^^^^^^^^^^^^^^^^^^^^
  File "/Users/matthew/Desktop/Job Search/Take-Homes/Daylight/venv/lib/python3.14/site-packages/strawberry/types/field.py", line 579, in field
    field_ = StrawberryField(
        python_name=None,
    ...<10 lines>...
        extensions=extensions or [],
    )
  File "/Users/matthew/Desktop/Job Search/Take-Homes/Daylight/venv/lib/python3.14/site-packages/strawberry/types/field.py", line 107, in __init__
    super().__init__(
    ~~~~~~~~~~~~~~~~^
        default=default,
        ^^^^^^^^^^^^^^^^
    ...<6 lines>...
        **kwargs,
        ^^^^^^^^^
    )
    ^
TypeError: Field.__init__() missing 1 required positional argument: 'doc'
